[backblue.gif]
[fade.gif]
[index.html]
[schreibgewandt.ch/cms/favicon.ico]
[schreibgewandt.ch/cms/images/background_m1_home.png]
[schreibgewandt.ch/cms/images/schreibgewandtlogo.png]
[schreibgewandt.ch/index.html]
[schreibgewandt.ch/image/99999/99999/0/bilder/unterschrift_eva.jpg]
[schreibgewandt.ch/cms/images/list-style-trans.png]
[schreibgewandt.ch/cms/images/link_pfeil_klein.gif]
[schreibgewandt.ch/cms/images/link_pfeil.gif]
[schreibgewandt.ch/cms/css/home.css]
[schreibgewandt.ch/home/index.html]
[schreibgewandt.ch/schreibservice/index.html]
[schreibgewandt.ch/cms/images/background_m2_schreibs.png]
[schreibgewandt.ch/cms/images/background_m3_biografien.png]
[schreibgewandt.ch/cms/upload/daten/schreibgewandt_tipps.pdf]
[schreibgewandt.ch/biografien/index.html]
[schreibgewandt.ch/image/15/15/0/bilder/pdf.jpg]
[schreibgewandt.ch/cms/images/background_m4_firmen.png]
[schreibgewandt.ch/firmenauftritt/index.html]
[schreibgewandt.ch/cms/images/background_m5_kurse.png]
[schreibgewandt.ch/kurse/index.html]
[schreibgewandt.ch/cms/images/background_m6_eva_kuhn.png]
[schreibgewandt.ch/eva-kuhn/index.html]
[schreibgewandt.ch/cms/images/background_m7_kontakt.png]
[schreibgewandt.ch/kontaktaufnahme/index.html]
[schreibgewandt.ch/cms/css/schreibservice.css]
[schreibgewandt.ch/cms/upload/daten/schreibservice_bsp.pdf]
[schreibgewandt.ch/schreibservice/leseproben/index.html]
[schreibgewandt.ch/cms/upload/daten/schreibservice_feedb.pdf]
[schreibgewandt.ch/schreibservice/feedbacks/index.html]
[schreibgewandt.ch/cms/css/contenido.css]
[schreibgewandt.ch/cms/upload/daten/biografie_bsp.pdf]
[schreibgewandt.ch/biografien/leseproben/index.html]
[schreibgewandt.ch/cms/upload/daten/biografie_feedb.pdf]
[schreibgewandt.ch/biografien/feedbacks/index.html]
